AR vending behavioral "D:/6th semister/adld/add_lab/vend/vending.vhd" sub00/vhpl01 1263194347
EN vending NULL "D:/6th semister/adld/add_lab/vend/vending.vhd" sub00/vhpl00 1263194346
EN tb NULL "D:/6th semister/adld/add_lab/vend/tb.vhw" sub00/vhpl02 1263203786
AR tb testbench_arch "D:/6th semister/adld/add_lab/vend/tb.vhw" sub00/vhpl03 1263203787
