AR vending behavioral H:/6S/add_lab/vend_mach/vending.vhd sub00/vhpl01 1260910710
EN vending NULL H:/6S/add_lab/vend_mach/vending.vhd sub00/vhpl00 1260910709
EN tb NULL H:/6S/add_lab/vend_mach/tb.vhw sub00/vhpl02 1260910805
AR tb testbench_arch H:/6S/add_lab/vend_mach/tb.vhw sub00/vhpl03 1260910806
