AR fulladder behavioral "C:/Documents and Settings/MPLAB/Desktop/fulladder/Settings/MPLAB/Desktop/fulladder/fulladder.vhd" sub00/vhpl01 1254484711
EN fulladder NULL "C:/Documents and Settings/MPLAB/Desktop/fulladder/Settings/MPLAB/Desktop/fulladder/fulladder.vhd" sub00/vhpl00 1254484710
AR tb testbench_arch "C:/Documents and Settings/MPLAB/Desktop/fulladder/Settings/MPLAB/Desktop/fulladder/tb.vhw" sub00/vhpl03 1254484842
EN tb NULL "C:/Documents and Settings/MPLAB/Desktop/fulladder/Settings/MPLAB/Desktop/fulladder/tb.vhw" sub00/vhpl02 1254484841
