Release 8.1i - xst I.24
Copyright (c) 1995-2005 Xilinx, Inc.  All rights reserved.
--> Parameter TMPDIR set to ./xst/projnav.tmp
CPU : 0.00 / 0.41 s | Elapsed : 0.00 / 1.00 s
 
--> Parameter xsthdpdir set to ./xst
CPU : 0.00 / 0.41 s | Elapsed : 0.00 / 1.00 s
 
--> Reading design: full_adder.prj

TABLE OF CONTENTS
  1) Synthesis Options Summary
  2) HDL Compilation
  3) HDL Analysis
  4) HDL Synthesis
     4.1) HDL Synthesis Report
  5) Advanced HDL Synthesis
     5.1) Advanced HDL Synthesis Report
  6) Low Level Synthesis
  7) Final Report
     7.1) Device utilization summary
     7.2) TIMING REPORT


=========================================================================
*                      Synthesis Options Summary                        *
=========================================================================
---- Source Parameters
Input File Name                    : "full_adder.prj"
Input Format                       : mixed
Ignore Synthesis Constraint File   : NO

---- Target Parameters
Output File Name                   : "full_adder"
Output Format                      : NGC
Target Device                      : xc2s50-6-pq208

---- Source Options
Top Module Name                    : full_adder
Automatic FSM Extraction           : YES
FSM Encoding Algorithm             : Auto
FSM Style                          : lut
RAM Extraction                     : Yes
RAM Style                          : Auto
ROM Extraction                     : Yes
Mux Style                          : Auto
Decoder Extraction                 : YES
Priority Encoder Extraction        : YES
Shift Register Extraction          : YES
Logical Shifter Extraction         : YES
XOR Collapsing                     : YES
ROM Style                          : Auto
Mux Extraction                     : YES
Resource Sharing                   : YES
Multiplier Style                   : lut
Automatic Register Balancing       : No

---- Target Options
Add IO Buffers                     : YES
Global Maximum Fanout              : 100
Add Generic Clock Buffer(BUFG)     : 4
Register Duplication               : YES
Slice Packing                      : YES
Pack IO Registers into IOBs        : auto
Equivalent register Removal        : YES

---- General Options
Optimization Goal                  : Speed
Optimization Effort                : 1
Keep Hierarchy                     : NO
RTL Output                         : Yes
Global Optimization                : AllClockNets
Write Timing Constraints           : NO
Hierarchy Separator                : /
Bus Delimiter                      : <>
Case Specifier                     : maintain
Slice Utilization Ratio            : 100
Slice Utilization Ratio Delta      : 5

---- Other Options
lso                                : full_adder.lso
Read Cores                         : YES
cross_clock_analysis               : NO
verilog2001                        : YES
safe_implementation                : No
Optimize Instantiated Primitives   : NO
tristate2logic                     : Yes
use_clock_enable                   : Yes
use_sync_set                       : Yes
use_sync_reset                     : Yes

=========================================================================


=========================================================================
*                          HDL Compilation                              *
=========================================================================
Compiling vhdl file "H:/6S/add_lab/half_adder/half_adder.vhd" in Library work.
Entity <half_adder> compiled.
Entity <half_adder> (Architecture <Behavioral>) compiled.
Compiling vhdl file "H:/6S/add_lab/full_adder/full_adder.vhd" in Library work.
Architecture behavioral of Entity full_adder is up to date.

=========================================================================
*                            HDL Analysis                               *
=========================================================================
Analyzing Entity <full_adder> (Architecture <behavioral>).
Entity <full_adder> analyzed. Unit <full_adder> generated.

Analyzing Entity <half_adder> (Architecture <behavioral>).
Entity <half_adder> analyzed. Unit <half_adder> generated.


=========================================================================
*                           HDL Synthesis                               *
=========================================================================

Synthesizing Unit <half_adder>.
    Related source file is "H:/6S/add_lab/half_adder/half_adder.vhd".
    Found 1-bit xor2 for signal <sum>.
Unit <half_adder> synthesized.


Synthesizing Unit <full_adder>.
    Related source file is "H:/6S/add_lab/full_adder/full_adder.vhd".
Unit <full_adder> synthesized.


=========================================================================
HDL Synthesis Report

Macro Statistics
# Xors                                                 : 2
 1-bit xor2                                            : 2

=========================================================================

=========================================================================
*                       Advanced HDL Synthesis                          *
=========================================================================


=========================================================================
Advanced HDL Synthesis Report

Macro Statistics
# Xors                                                 : 2
 1-bit xor2                                            : 2

=========================================================================

=========================================================================
*                         Low Level Synthesis                           *
=========================================================================

Optimizing unit <full_adder> ...
Loading device for application Rf_Device from file 'v50.nph' in environment C:\Xilinx.

Mapping all equations...
Building and optimizing final netlist ...
Found area constraint ratio of 100 (+ 5) on block full_adder, actual ratio is 0.

=========================================================================
*                            Final Report                               *
=========================================================================
Final Results
RTL Top Level Output File Name     : full_adder.ngr
Top Level Output File Name         : full_adder
Output Format                      : NGC
Optimization Goal                  : Speed
Keep Hierarchy                     : NO

Design Statistics
# IOs                              : 5

Cell Usage :
# BELS                             : 2
#      LUT3                        : 2
# IO Buffers                       : 5
#      IBUF                        : 3
#      OBUF                        : 2
=========================================================================

Device utilization summary:
---------------------------

Selected Device : 2s50pq208-6 

 Number of Slices:                       1  out of    768     0%  
 Number of 4 input LUTs:                 2  out of   1536     0%  
 Number of bonded IOBs:                  5  out of    144     3%  


=========================================================================
TIMING REPORT

NOTE: THESE TIMING NUMBERS ARE ONLY A SYNTHESIS ESTIMATE.
      FOR ACCURATE TIMING INFORMATION PLEASE REFER TO THE TRACE REPORT
      GENERATED AFTER PLACE-and-ROUTE.

Clock Information:
------------------
No clock signals found in this design

Timing Summary:
---------------
Speed Grade: -6

   Minimum period: No path found
   Minimum input arrival time before clock: No path found
   Maximum output required time after clock: No path found
   Maximum combinational path delay: 8.234ns

Timing Detail:
--------------
All values displayed in nanoseconds (ns)

=========================================================================
Timing constraint: Default path analysis
  Total number of paths / destination ports: 6 / 2
-------------------------------------------------------------------------
Delay:               8.234ns (Levels of Logic = 3)
  Source:            a (PAD)
  Destination:       cout (PAD)

  Data Path: a to cout
                                Gate     Net
    Cell:in->out      fanout   Delay   Delay  Logical Name (Net Name)
    ----------------------------------------  ------------
     IBUF:I->O             2   0.776   1.206  a_IBUF (a_IBUF)
     LUT3:I0->O            1   0.549   1.035  cin_add/Mxor_sum_Result1 (sum_OBUF)
     OBUF:I->O                 4.668          sum_OBUF (sum)
    ----------------------------------------
    Total                      8.234ns (5.993ns logic, 2.241ns route)
                                       (72.8% logic, 27.2% route)

=========================================================================
CPU : 2.81 / 3.27 s | Elapsed : 2.00 / 3.00 s
 
--> 

Total memory usage is 96964 kilobytes

Number of errors   :    0 (   0 filtered)
Number of warnings :    0 (   0 filtered)
Number of infos    :    0 (   0 filtered)

