V3 3
FL H:/6S/add_lab/melay/melay.vhd 2009/12/12.11:06:54 I.24
EN work/melay_fsm 1262064848       FL H:/6S/add_lab/melay/melay.vhd PB ieee/std_logic_1164 1131108373 \
      PB ieee/std_logic_arith 1131108375 PB ieee/STD_LOGIC_UNSIGNED 1131108379
AR work/melay_fsm/Behavioral 1262064849 FL H:/6S/add_lab/melay/melay.vhd EN work/melay_fsm 1262064848
