AR full_adder behavioral H:/6S/add_lab/full_adder/full_adder.vhd sub00/vhpl01 1260119700
EN full_adder NULL H:/6S/add_lab/full_adder/full_adder.vhd sub00/vhpl00 1260119699
AR g_adder behavioral H:/6S/add_lab/g_adder/g_adder.vhd sub00/vhpl03 1260119702
EN g_adder NULL H:/6S/add_lab/g_adder/g_adder.vhd sub00/vhpl02 1260119701
