V3 3
FL $XILINX/half_adder/half_adder.vhd 2009/10/02.16:31:48 I.24
EN work/half_adder 1254483124      FL $XILINX/half_adder/half_adder.vhd \
      PB ieee/std_logic_1164 1131108373 PB ieee/std_logic_arith 1131108375 \
      PB ieee/STD_LOGIC_UNSIGNED 1131108379
AR work/half_adder/Behavioral 1254483125 FL $XILINX/half_adder/half_adder.vhd \
      EN work/half_adder 1254483124
