V3 3
FL H:/6S/add_lab/multiplier/multiplier.vhd 2009/12/06.23:38:06 I.24
EN work/multiplier 1262035310      FL H:/6S/add_lab/multiplier/multiplier.vhd \
      PB ieee/std_logic_1164 1131108373 PB ieee/std_logic_arith 1131108375 \
      PB ieee/STD_LOGIC_UNSIGNED 1131108379
AR work/multiplier/behv 1262035311 FL H:/6S/add_lab/multiplier/multiplier.vhd \
      EN work/multiplier 1262035310
