EN multiplier NULL H:/6S/add_lab/multiplier/multiplier.vhd sub00/vhpl00 1262035345
AR tb testbench_arch H:/6S/add_lab/multiplier/tb.vhw sub00/vhpl03 1262035348
EN tb NULL H:/6S/add_lab/multiplier/tb.vhw sub00/vhpl02 1262035347
AR multiplier behv H:/6S/add_lab/multiplier/multiplier.vhd sub00/vhpl01 1262035346
