V3 3
FL "C:/Documents and Settings/MPLAB/Desktop/fulladder/Settings/MPLAB/Desktop/fulladder/fulladder.vhd" 2009/10/02.16:58:06 I.24
EN work/fulladder 1254484744 \
      FL "C:/Documents and Settings/MPLAB/Desktop/fulladder/Settings/MPLAB/Desktop/fulladder/fulladder.vhd" \
      PB ieee/std_logic_1164 1131108373 PB ieee/std_logic_arith 1131108375 \
      PB ieee/STD_LOGIC_UNSIGNED 1131108379
AR work/fulladder/Behavioral 1254484745 \
      FL "C:/Documents and Settings/MPLAB/Desktop/fulladder/Settings/MPLAB/Desktop/fulladder/fulladder.vhd" \
      EN work/fulladder 1254484744
